[0.209s] DEBUG:colcon:Command line arguments: ['/usr/bin/colcon', 'build']
[0.209s] DEBUG:colcon:Parsed command line arguments: Namespace(log_base=None, log_level=None, verb_name='build', build_base='build', install_base='install', merge_install=False, symlink_install=False, test_result_base=None, continue_on_error=False, executor='parallel', parallel_workers=12, event_handlers=None, ignore_user_meta=False, metas=['./colcon.meta'], base_paths=['.'], packages_ignore=None, packages_ignore_regex=None, paths=None, packages_up_to=None, packages_up_to_regex=None, packages_above=None, packages_above_and_dependencies=None, packages_above_depth=None, packages_select_by_dep=None, packages_skip_by_dep=None, packages_skip_up_to=None, packages_select_build_failed=False, packages_skip_build_finished=False, packages_select_test_failures=False, packages_skip_test_passed=False, packages_select=None, packages_skip=None, packages_select_regex=None, packages_skip_regex=None, packages_start=None, packages_end=None, cmake_args=None, cmake_target=None, cmake_target_skip_unavailable=False, cmake_clean_cache=False, cmake_clean_first=False, cmake_force_configure=False, ament_cmake_args=None, catkin_cmake_args=None, catkin_skip_building_tests=False, mixin_files=None, mixin=None, verb_parser=<colcon_mixin.mixin.mixin_argument.MixinArgumentDecorator object at 0x7b91ce3312d0>, verb_extension=<colcon_core.verb.build.BuildVerb object at 0x7b91ce4ce410>, main=<bound method BuildVerb.main of <colcon_core.verb.build.BuildVerb object at 0x7b91ce4ce410>>, mixin_verb=('build',))
[0.514s] Level 1:colcon.colcon_core.package_discovery:discover_packages(colcon_meta) check parameters
[0.514s] Level 1:colcon.colcon_core.package_discovery:discover_packages(recursive) check parameters
[0.514s] Level 1:colcon.colcon_core.package_discovery:discover_packages(ignore) check parameters
[0.514s] Level 1:colcon.colcon_core.package_discovery:discover_packages(path) check parameters
[0.514s] Level 1:colcon.colcon_core.package_discovery:discover_packages(colcon_meta) discover
[0.514s] Level 1:colcon.colcon_core.package_discovery:discover_packages(recursive) discover
[0.514s] INFO:colcon.colcon_core.package_discovery:Crawling recursively for packages in '/home/user/ros2_ws/src/aruco_ros'
[0.514s] Level 1:colcon.colcon_core.package_identification:_identify(.) by extensions ['ignore', 'ignore_ament_install']
[0.515s] Level 1:colcon.colcon_core.package_identification:_identify(.) by extension 'ignore'
[0.515s] Level 1:colcon.colcon_core.package_identification:_identify(.) by extension 'ignore_ament_install'
[0.515s] Level 1:colcon.colcon_core.package_identification:_identify(.) by extensions ['colcon_pkg']
[0.515s] Level 1:colcon.colcon_core.package_identification:_identify(.) by extension 'colcon_pkg'
[0.515s] Level 1:colcon.colcon_core.package_identification:_identify(.) by extensions ['colcon_meta']
[0.515s] Level 1:colcon.colcon_core.package_identification:_identify(.) by extension 'colcon_meta'
[0.515s] Level 1:colcon.colcon_core.package_identification:_identify(.) by extensions ['ros']
[0.515s] Level 1:colcon.colcon_core.package_identification:_identify(.) by extension 'ros'
[0.533s] Level 1:colcon.colcon_core.package_identification:_identify(.) by extensions ['cmake', 'python']
[0.533s] Level 1:colcon.colcon_core.package_identification:_identify(.) by extension 'cmake'
[0.533s] Level 1:colcon.colcon_core.package_identification:_identify(.) by extension 'python'
[0.533s] Level 1:colcon.colcon_core.package_identification:_identify(.) by extensions ['python_setup_py']
[0.533s] Level 1:colcon.colcon_core.package_identification:_identify(.) by extension 'python_setup_py'
[0.533s] Level 1:colcon.colcon_core.package_identification:_identify(aruco) by extensions ['ignore', 'ignore_ament_install']
[0.534s] Level 1:colcon.colcon_core.package_identification:_identify(aruco) by extension 'ignore'
[0.534s] Level 1:colcon.colcon_core.package_identification:_identify(aruco) by extension 'ignore_ament_install'
[0.534s] Level 1:colcon.colcon_core.package_identification:_identify(aruco) by extensions ['colcon_pkg']
[0.534s] Level 1:colcon.colcon_core.package_identification:_identify(aruco) by extension 'colcon_pkg'
[0.534s] Level 1:colcon.colcon_core.package_identification:_identify(aruco) by extensions ['colcon_meta']
[0.534s] Level 1:colcon.colcon_core.package_identification:_identify(aruco) by extension 'colcon_meta'
[0.534s] Level 1:colcon.colcon_core.package_identification:_identify(aruco) by extensions ['ros']
[0.534s] Level 1:colcon.colcon_core.package_identification:_identify(aruco) by extension 'ros'
[0.538s] DEBUG:colcon.colcon_core.package_identification:Package 'aruco' with type 'ros.ament_cmake' and name 'aruco'
[0.538s] Level 1:colcon.colcon_core.package_identification:_identify(aruco_msgs) by extensions ['ignore', 'ignore_ament_install']
[0.538s] Level 1:colcon.colcon_core.package_identification:_identify(aruco_msgs) by extension 'ignore'
[0.538s] Level 1:colcon.colcon_core.package_identification:_identify(aruco_msgs) by extension 'ignore_ament_install'
[0.538s] Level 1:colcon.colcon_core.package_identification:_identify(aruco_msgs) by extensions ['colcon_pkg']
[0.538s] Level 1:colcon.colcon_core.package_identification:_identify(aruco_msgs) by extension 'colcon_pkg'
[0.538s] Level 1:colcon.colcon_core.package_identification:_identify(aruco_msgs) by extensions ['colcon_meta']
[0.538s] Level 1:colcon.colcon_core.package_identification:_identify(aruco_msgs) by extension 'colcon_meta'
[0.538s] Level 1:colcon.colcon_core.package_identification:_identify(aruco_msgs) by extensions ['ros']
[0.538s] Level 1:colcon.colcon_core.package_identification:_identify(aruco_msgs) by extension 'ros'
[0.539s] DEBUG:colcon.colcon_core.package_identification:Package 'aruco_msgs' with type 'ros.ament_cmake' and name 'aruco_msgs'
[0.540s] Level 1:colcon.colcon_core.package_identification:_identify(aruco_ros) by extensions ['ignore', 'ignore_ament_install']
[0.540s] Level 1:colcon.colcon_core.package_identification:_identify(aruco_ros) by extension 'ignore'
[0.540s] Level 1:colcon.colcon_core.package_identification:_identify(aruco_ros) by extension 'ignore_ament_install'
[0.540s] Level 1:colcon.colcon_core.package_identification:_identify(aruco_ros) by extensions ['colcon_pkg']
[0.540s] Level 1:colcon.colcon_core.package_identification:_identify(aruco_ros) by extension 'colcon_pkg'
[0.540s] Level 1:colcon.colcon_core.package_identification:_identify(aruco_ros) by extensions ['colcon_meta']
[0.540s] Level 1:colcon.colcon_core.package_identification:_identify(aruco_ros) by extension 'colcon_meta'
[0.540s] Level 1:colcon.colcon_core.package_identification:_identify(aruco_ros) by extensions ['ros']
[0.540s] Level 1:colcon.colcon_core.package_identification:_identify(aruco_ros) by extension 'ros'
[0.542s] DEBUG:colcon.colcon_core.package_identification:Package 'aruco_ros' with type 'ros.ament_cmake' and name 'aruco_ros'
[0.542s] Level 1:colcon.colcon_core.package_identification:_identify(build) by extensions ['ignore', 'ignore_ament_install']
[0.542s] Level 1:colcon.colcon_core.package_identification:_identify(build) by extension 'ignore'
[0.542s] Level 1:colcon.colcon_core.package_identification:_identify(build) ignored
[0.542s] Level 1:colcon.colcon_core.package_identification:_identify(install) by extensions ['ignore', 'ignore_ament_install']
[0.543s] Level 1:colcon.colcon_core.package_identification:_identify(install) by extension 'ignore'
[0.543s] Level 1:colcon.colcon_core.package_identification:_identify(install) ignored
[0.543s] Level 1:colcon.colcon_core.package_identification:_identify(log) by extensions ['ignore', 'ignore_ament_install']
[0.543s] Level 1:colcon.colcon_core.package_identification:_identify(log) by extension 'ignore'
[0.543s] Level 1:colcon.colcon_core.package_identification:_identify(log) ignored
[0.543s] Level 1:colcon.colcon_core.package_discovery:discover_packages(recursive) using defaults
[0.543s] Level 1:colcon.colcon_core.package_discovery:discover_packages(ignore) discover
[0.543s] Level 1:colcon.colcon_core.package_discovery:discover_packages(ignore) using defaults
[0.543s] Level 1:colcon.colcon_core.package_discovery:discover_packages(path) discover
[0.543s] Level 1:colcon.colcon_core.package_discovery:discover_packages(path) using defaults
[0.579s] Level 5:colcon.colcon_core.verb:set package 'aruco' build argument 'cmake_args' from command line to 'None'
[0.579s] Level 5:colcon.colcon_core.verb:set package 'aruco' build argument 'cmake_target' from command line to 'None'
[0.579s] Level 5:colcon.colcon_core.verb:set package 'aruco' build argument 'cmake_target_skip_unavailable' from command line to 'False'
[0.579s] Level 5:colcon.colcon_core.verb:set package 'aruco' build argument 'cmake_clean_cache' from command line to 'False'
[0.579s] Level 5:colcon.colcon_core.verb:set package 'aruco' build argument 'cmake_clean_first' from command line to 'False'
[0.579s] Level 5:colcon.colcon_core.verb:set package 'aruco' build argument 'cmake_force_configure' from command line to 'False'
[0.579s] Level 5:colcon.colcon_core.verb:set package 'aruco' build argument 'ament_cmake_args' from command line to 'None'
[0.579s] Level 5:colcon.colcon_core.verb:set package 'aruco' build argument 'catkin_cmake_args' from command line to 'None'
[0.579s] Level 5:colcon.colcon_core.verb:set package 'aruco' build argument 'catkin_skip_building_tests' from command line to 'False'
[0.580s] DEBUG:colcon.colcon_core.verb:Building package 'aruco' with the following arguments: {'ament_cmake_args': None, 'build_base': '/home/user/ros2_ws/src/aruco_ros/build/aruco', 'catkin_cmake_args': None, 'catkin_skip_building_tests': False, 'cmake_args': None, 'cmake_clean_cache': False, 'cmake_clean_first': False, 'cmake_force_configure': False, 'cmake_target': None, 'cmake_target_skip_unavailable': False, 'install_base': '/home/user/ros2_ws/src/aruco_ros/install/aruco', 'merge_install': False, 'path': '/home/user/ros2_ws/src/aruco_ros/aruco', 'symlink_install': False, 'test_result_base': None}
[0.580s] Level 5:colcon.colcon_core.verb:set package 'aruco_msgs' build argument 'cmake_args' from command line to 'None'
[0.580s] Level 5:colcon.colcon_core.verb:set package 'aruco_msgs' build argument 'cmake_target' from command line to 'None'
[0.580s] Level 5:colcon.colcon_core.verb:set package 'aruco_msgs' build argument 'cmake_target_skip_unavailable' from command line to 'False'
[0.580s] Level 5:colcon.colcon_core.verb:set package 'aruco_msgs' build argument 'cmake_clean_cache' from command line to 'False'
[0.580s] Level 5:colcon.colcon_core.verb:set package 'aruco_msgs' build argument 'cmake_clean_first' from command line to 'False'
[0.580s] Level 5:colcon.colcon_core.verb:set package 'aruco_msgs' build argument 'cmake_force_configure' from command line to 'False'
[0.580s] Level 5:colcon.colcon_core.verb:set package 'aruco_msgs' build argument 'ament_cmake_args' from command line to 'None'
[0.580s] Level 5:colcon.colcon_core.verb:set package 'aruco_msgs' build argument 'catkin_cmake_args' from command line to 'None'
[0.580s] Level 5:colcon.colcon_core.verb:set package 'aruco_msgs' build argument 'catkin_skip_building_tests' from command line to 'False'
[0.580s] DEBUG:colcon.colcon_core.verb:Building package 'aruco_msgs' with the following arguments: {'ament_cmake_args': None, 'build_base': '/home/user/ros2_ws/src/aruco_ros/build/aruco_msgs', 'catkin_cmake_args': None, 'catkin_skip_building_tests': False, 'cmake_args': None, 'cmake_clean_cache': False, 'cmake_clean_first': False, 'cmake_force_configure': False, 'cmake_target': None, 'cmake_target_skip_unavailable': False, 'install_base': '/home/user/ros2_ws/src/aruco_ros/install/aruco_msgs', 'merge_install': False, 'path': '/home/user/ros2_ws/src/aruco_ros/aruco_msgs', 'symlink_install': False, 'test_result_base': None}
[0.581s] Level 5:colcon.colcon_core.verb:set package 'aruco_ros' build argument 'cmake_args' from command line to 'None'
[0.581s] Level 5:colcon.colcon_core.verb:set package 'aruco_ros' build argument 'cmake_target' from command line to 'None'
[0.581s] Level 5:colcon.colcon_core.verb:set package 'aruco_ros' build argument 'cmake_target_skip_unavailable' from command line to 'False'
[0.581s] Level 5:colcon.colcon_core.verb:set package 'aruco_ros' build argument 'cmake_clean_cache' from command line to 'False'
[0.581s] Level 5:colcon.colcon_core.verb:set package 'aruco_ros' build argument 'cmake_clean_first' from command line to 'False'
[0.581s] Level 5:colcon.colcon_core.verb:set package 'aruco_ros' build argument 'cmake_force_configure' from command line to 'False'
[0.581s] Level 5:colcon.colcon_core.verb:set package 'aruco_ros' build argument 'ament_cmake_args' from command line to 'None'
[0.581s] Level 5:colcon.colcon_core.verb:set package 'aruco_ros' build argument 'catkin_cmake_args' from command line to 'None'
[0.581s] Level 5:colcon.colcon_core.verb:set package 'aruco_ros' build argument 'catkin_skip_building_tests' from command line to 'False'
[0.581s] DEBUG:colcon.colcon_core.verb:Building package 'aruco_ros' with the following arguments: {'ament_cmake_args': None, 'build_base': '/home/user/ros2_ws/src/aruco_ros/build/aruco_ros', 'catkin_cmake_args': None, 'catkin_skip_building_tests': False, 'cmake_args': None, 'cmake_clean_cache': False, 'cmake_clean_first': False, 'cmake_force_configure': False, 'cmake_target': None, 'cmake_target_skip_unavailable': False, 'install_base': '/home/user/ros2_ws/src/aruco_ros/install/aruco_ros', 'merge_install': False, 'path': '/home/user/ros2_ws/src/aruco_ros/aruco_ros', 'symlink_install': False, 'test_result_base': None}
[0.581s] INFO:colcon.colcon_core.executor:Executing jobs using 'parallel' executor
[0.583s] DEBUG:colcon.colcon_parallel_executor.executor.parallel:run_until_complete
[0.583s] INFO:colcon.colcon_ros.task.ament_cmake.build:Building ROS package in '/home/user/ros2_ws/src/aruco_ros/aruco' with build type 'ament_cmake'
[0.583s] INFO:colcon.colcon_cmake.task.cmake.build:Building CMake package in '/home/user/ros2_ws/src/aruco_ros/aruco'
[0.588s] INFO:colcon.colcon_core.plugin_system:Skipping extension 'colcon_core.shell.bat': Not used on non-Windows systems
[0.588s] INFO:colcon.colcon_core.shell:Skip shell extension 'powershell' for command environment: Not usable outside of PowerShell
[0.588s] DEBUG:colcon.colcon_core.shell:Skip shell extension 'dsv' for command environment
[0.601s] INFO:colcon.colcon_ros.task.ament_cmake.build:Building ROS package in '/home/user/ros2_ws/src/aruco_ros/aruco_msgs' with build type 'ament_cmake'
[0.601s] INFO:colcon.colcon_cmake.task.cmake.build:Building CMake package in '/home/user/ros2_ws/src/aruco_ros/aruco_msgs'
[0.602s] INFO:colcon.colcon_core.shell:Skip shell extension 'powershell' for command environment: Not usable outside of PowerShell
[0.602s] DEBUG:colcon.colcon_core.shell:Skip shell extension 'dsv' for command environment
[0.617s] DEBUG:colcon.colcon_core.event_handler.log_command:Invoking command in '/home/user/ros2_ws/src/aruco_ros/build/aruco': CMAKE_PREFIX_PATH=${CMAKE_PREFIX_PATH}:/opt/ros/humble /usr/bin/cmake /home/user/ros2_ws/src/aruco_ros/aruco -DCMAKE_INSTALL_PREFIX=/home/user/ros2_ws/src/aruco_ros/install/aruco
[0.624s] DEBUG:colcon.colcon_core.event_handler.log_command:Invoking command in '/home/user/ros2_ws/src/aruco_ros/build/aruco_msgs': CMAKE_PREFIX_PATH=${CMAKE_PREFIX_PATH}:/opt/ros/humble /usr/bin/cmake /home/user/ros2_ws/src/aruco_ros/aruco_msgs -DCMAKE_INSTALL_PREFIX=/home/user/ros2_ws/src/aruco_ros/install/aruco_msgs
[2.022s] DEBUG:colcon.colcon_core.event_handler.log_command:Invoked command in '/home/user/ros2_ws/src/aruco_ros/build/aruco' returned '0': CMAKE_PREFIX_PATH=${CMAKE_PREFIX_PATH}:/opt/ros/humble /usr/bin/cmake /home/user/ros2_ws/src/aruco_ros/aruco -DCMAKE_INSTALL_PREFIX=/home/user/ros2_ws/src/aruco_ros/install/aruco
[2.023s] DEBUG:colcon.colcon_core.event_handler.log_command:Invoking command in '/home/user/ros2_ws/src/aruco_ros/build/aruco': CMAKE_PREFIX_PATH=${CMAKE_PREFIX_PATH}:/opt/ros/humble /usr/bin/cmake --build /home/user/ros2_ws/src/aruco_ros/build/aruco -- -j12 -l12
[6.419s] DEBUG:colcon.colcon_core.event_handler.log_command:Invoked command in '/home/user/ros2_ws/src/aruco_ros/build/aruco_msgs' returned '0': CMAKE_PREFIX_PATH=${CMAKE_PREFIX_PATH}:/opt/ros/humble /usr/bin/cmake /home/user/ros2_ws/src/aruco_ros/aruco_msgs -DCMAKE_INSTALL_PREFIX=/home/user/ros2_ws/src/aruco_ros/install/aruco_msgs
[6.423s] DEBUG:colcon.colcon_core.event_handler.log_command:Invoking command in '/home/user/ros2_ws/src/aruco_ros/build/aruco_msgs': CMAKE_PREFIX_PATH=${CMAKE_PREFIX_PATH}:/opt/ros/humble /usr/bin/cmake --build /home/user/ros2_ws/src/aruco_ros/build/aruco_msgs -- -j12 -l12
[10.141s] DEBUG:colcon.colcon_core.event_handler.log_command:Invoked command in '/home/user/ros2_ws/src/aruco_ros/build/aruco_msgs' returned '0': CMAKE_PREFIX_PATH=${CMAKE_PREFIX_PATH}:/opt/ros/humble /usr/bin/cmake --build /home/user/ros2_ws/src/aruco_ros/build/aruco_msgs -- -j12 -l12
[10.158s] DEBUG:colcon.colcon_core.event_handler.log_command:Invoking command in '/home/user/ros2_ws/src/aruco_ros/build/aruco_msgs': CMAKE_PREFIX_PATH=${CMAKE_PREFIX_PATH}:/opt/ros/humble /usr/bin/cmake --install /home/user/ros2_ws/src/aruco_ros/build/aruco_msgs
[10.257s] Level 1:colcon.colcon_core.environment:create_environment_scripts_only(aruco_msgs)
[10.258s] DEBUG:colcon.colcon_core.event_handler.log_command:Invoked command in '/home/user/ros2_ws/src/aruco_ros/build/aruco_msgs' returned '0': CMAKE_PREFIX_PATH=${CMAKE_PREFIX_PATH}:/opt/ros/humble /usr/bin/cmake --install /home/user/ros2_ws/src/aruco_ros/build/aruco_msgs
[10.264s] Level 1:colcon.colcon_core.environment:checking '/home/user/ros2_ws/src/aruco_ros/install/aruco_msgs' for CMake module files
[10.265s] Level 1:colcon.colcon_core.environment:checking '/home/user/ros2_ws/src/aruco_ros/install/aruco_msgs' for CMake config files
[10.266s] Level 1:colcon.colcon_core.shell:create_environment_hook('aruco_msgs', 'cmake_prefix_path')
[10.266s] INFO:colcon.colcon_core.shell:Creating environment hook '/home/user/ros2_ws/src/aruco_ros/install/aruco_msgs/share/aruco_msgs/hook/cmake_prefix_path.ps1'
[10.267s] INFO:colcon.colcon_core.shell:Creating environment descriptor '/home/user/ros2_ws/src/aruco_ros/install/aruco_msgs/share/aruco_msgs/hook/cmake_prefix_path.dsv'
[10.267s] INFO:colcon.colcon_core.shell:Creating environment hook '/home/user/ros2_ws/src/aruco_ros/install/aruco_msgs/share/aruco_msgs/hook/cmake_prefix_path.sh'
[10.285s] Level 1:colcon.colcon_core.environment:checking '/home/user/ros2_ws/src/aruco_ros/install/aruco_msgs/lib'
[10.285s] Level 1:colcon.colcon_core.shell:create_environment_hook('aruco_msgs', 'ld_library_path_lib')
[10.286s] INFO:colcon.colcon_core.shell:Creating environment hook '/home/user/ros2_ws/src/aruco_ros/install/aruco_msgs/share/aruco_msgs/hook/ld_library_path_lib.ps1'
[10.286s] INFO:colcon.colcon_core.shell:Creating environment descriptor '/home/user/ros2_ws/src/aruco_ros/install/aruco_msgs/share/aruco_msgs/hook/ld_library_path_lib.dsv'
[10.287s] INFO:colcon.colcon_core.shell:Creating environment hook '/home/user/ros2_ws/src/aruco_ros/install/aruco_msgs/share/aruco_msgs/hook/ld_library_path_lib.sh'
[10.287s] Level 1:colcon.colcon_core.environment:checking '/home/user/ros2_ws/src/aruco_ros/install/aruco_msgs/bin'
[10.288s] Level 1:colcon.colcon_core.environment:checking '/home/user/ros2_ws/src/aruco_ros/install/aruco_msgs/lib/pkgconfig/aruco_msgs.pc'
[10.290s] Level 1:colcon.colcon_core.environment:checking '/home/user/ros2_ws/src/aruco_ros/install/aruco_msgs/lib/python3.10/site-packages'
[10.291s] Level 1:colcon.colcon_core.environment:checking '/home/user/ros2_ws/src/aruco_ros/install/aruco_msgs/bin'
[10.291s] INFO:colcon.colcon_core.shell:Creating package script '/home/user/ros2_ws/src/aruco_ros/install/aruco_msgs/share/aruco_msgs/package.ps1'
[10.292s] INFO:colcon.colcon_core.shell:Creating package descriptor '/home/user/ros2_ws/src/aruco_ros/install/aruco_msgs/share/aruco_msgs/package.dsv'
[10.293s] INFO:colcon.colcon_core.shell:Creating package script '/home/user/ros2_ws/src/aruco_ros/install/aruco_msgs/share/aruco_msgs/package.sh'
[10.294s] INFO:colcon.colcon_core.shell:Creating package script '/home/user/ros2_ws/src/aruco_ros/install/aruco_msgs/share/aruco_msgs/package.bash'
[10.295s] INFO:colcon.colcon_core.shell:Creating package script '/home/user/ros2_ws/src/aruco_ros/install/aruco_msgs/share/aruco_msgs/package.zsh'
[10.296s] Level 1:colcon.colcon_core.environment:create_file_with_runtime_dependencies(/home/user/ros2_ws/src/aruco_ros/install/aruco_msgs/share/colcon-core/packages/aruco_msgs)
[10.296s] Level 1:colcon.colcon_core.environment:create_environment_scripts_only(aruco_msgs)
[10.297s] Level 1:colcon.colcon_core.environment:checking '/home/user/ros2_ws/src/aruco_ros/install/aruco_msgs' for CMake module files
[10.298s] Level 1:colcon.colcon_core.environment:checking '/home/user/ros2_ws/src/aruco_ros/install/aruco_msgs' for CMake config files
[10.298s] Level 1:colcon.colcon_core.shell:create_environment_hook('aruco_msgs', 'cmake_prefix_path')
[10.298s] INFO:colcon.colcon_core.shell:Creating environment hook '/home/user/ros2_ws/src/aruco_ros/install/aruco_msgs/share/aruco_msgs/hook/cmake_prefix_path.ps1'
[10.299s] INFO:colcon.colcon_core.shell:Creating environment descriptor '/home/user/ros2_ws/src/aruco_ros/install/aruco_msgs/share/aruco_msgs/hook/cmake_prefix_path.dsv'
[10.299s] INFO:colcon.colcon_core.shell:Creating environment hook '/home/user/ros2_ws/src/aruco_ros/install/aruco_msgs/share/aruco_msgs/hook/cmake_prefix_path.sh'
[10.300s] Level 1:colcon.colcon_core.environment:checking '/home/user/ros2_ws/src/aruco_ros/install/aruco_msgs/lib'
[10.300s] Level 1:colcon.colcon_core.shell:create_environment_hook('aruco_msgs', 'ld_library_path_lib')
[10.300s] INFO:colcon.colcon_core.shell:Creating environment hook '/home/user/ros2_ws/src/aruco_ros/install/aruco_msgs/share/aruco_msgs/hook/ld_library_path_lib.ps1'
[10.301s] INFO:colcon.colcon_core.shell:Creating environment descriptor '/home/user/ros2_ws/src/aruco_ros/install/aruco_msgs/share/aruco_msgs/hook/ld_library_path_lib.dsv'
[10.301s] INFO:colcon.colcon_core.shell:Creating environment hook '/home/user/ros2_ws/src/aruco_ros/install/aruco_msgs/share/aruco_msgs/hook/ld_library_path_lib.sh'
[10.302s] Level 1:colcon.colcon_core.environment:checking '/home/user/ros2_ws/src/aruco_ros/install/aruco_msgs/bin'
[10.302s] Level 1:colcon.colcon_core.environment:checking '/home/user/ros2_ws/src/aruco_ros/install/aruco_msgs/lib/pkgconfig/aruco_msgs.pc'
[10.302s] Level 1:colcon.colcon_core.environment:checking '/home/user/ros2_ws/src/aruco_ros/install/aruco_msgs/lib/python3.10/site-packages'
[10.303s] Level 1:colcon.colcon_core.environment:checking '/home/user/ros2_ws/src/aruco_ros/install/aruco_msgs/bin'
[10.303s] INFO:colcon.colcon_core.shell:Creating package script '/home/user/ros2_ws/src/aruco_ros/install/aruco_msgs/share/aruco_msgs/package.ps1'
[10.304s] INFO:colcon.colcon_core.shell:Creating package descriptor '/home/user/ros2_ws/src/aruco_ros/install/aruco_msgs/share/aruco_msgs/package.dsv'
[10.305s] INFO:colcon.colcon_core.shell:Creating package script '/home/user/ros2_ws/src/aruco_ros/install/aruco_msgs/share/aruco_msgs/package.sh'
[10.306s] INFO:colcon.colcon_core.shell:Creating package script '/home/user/ros2_ws/src/aruco_ros/install/aruco_msgs/share/aruco_msgs/package.bash'
[10.307s] INFO:colcon.colcon_core.shell:Creating package script '/home/user/ros2_ws/src/aruco_ros/install/aruco_msgs/share/aruco_msgs/package.zsh'
[10.307s] Level 1:colcon.colcon_core.environment:create_file_with_runtime_dependencies(/home/user/ros2_ws/src/aruco_ros/install/aruco_msgs/share/colcon-core/packages/aruco_msgs)
[11.428s] DEBUG:colcon.colcon_core.event_handler.log_command:Invoked command in '/home/user/ros2_ws/src/aruco_ros/build/aruco' returned '0': CMAKE_PREFIX_PATH=${CMAKE_PREFIX_PATH}:/opt/ros/humble /usr/bin/cmake --build /home/user/ros2_ws/src/aruco_ros/build/aruco -- -j12 -l12
[11.429s] DEBUG:colcon.colcon_core.event_handler.log_command:Invoking command in '/home/user/ros2_ws/src/aruco_ros/build/aruco': CMAKE_PREFIX_PATH=${CMAKE_PREFIX_PATH}:/opt/ros/humble /usr/bin/cmake --install /home/user/ros2_ws/src/aruco_ros/build/aruco
[11.455s] Level 1:colcon.colcon_core.environment:create_environment_scripts_only(aruco)
[11.455s] DEBUG:colcon.colcon_core.event_handler.log_command:Invoked command in '/home/user/ros2_ws/src/aruco_ros/build/aruco' returned '0': CMAKE_PREFIX_PATH=${CMAKE_PREFIX_PATH}:/opt/ros/humble /usr/bin/cmake --install /home/user/ros2_ws/src/aruco_ros/build/aruco
[11.456s] Level 1:colcon.colcon_core.environment:checking '/home/user/ros2_ws/src/aruco_ros/install/aruco' for CMake module files
[11.457s] Level 1:colcon.colcon_core.environment:checking '/home/user/ros2_ws/src/aruco_ros/install/aruco' for CMake config files
[11.457s] Level 1:colcon.colcon_core.shell:create_environment_hook('aruco', 'cmake_prefix_path')
[11.457s] INFO:colcon.colcon_core.shell:Creating environment hook '/home/user/ros2_ws/src/aruco_ros/install/aruco/share/aruco/hook/cmake_prefix_path.ps1'
[11.458s] INFO:colcon.colcon_core.shell:Creating environment descriptor '/home/user/ros2_ws/src/aruco_ros/install/aruco/share/aruco/hook/cmake_prefix_path.dsv'
[11.459s] INFO:colcon.colcon_core.shell:Creating environment hook '/home/user/ros2_ws/src/aruco_ros/install/aruco/share/aruco/hook/cmake_prefix_path.sh'
[11.460s] Level 1:colcon.colcon_core.environment:checking '/home/user/ros2_ws/src/aruco_ros/install/aruco/lib'
[11.460s] Level 1:colcon.colcon_core.shell:create_environment_hook('aruco', 'ld_library_path_lib')
[11.461s] INFO:colcon.colcon_core.shell:Creating environment hook '/home/user/ros2_ws/src/aruco_ros/install/aruco/share/aruco/hook/ld_library_path_lib.ps1'
[11.461s] INFO:colcon.colcon_core.shell:Creating environment descriptor '/home/user/ros2_ws/src/aruco_ros/install/aruco/share/aruco/hook/ld_library_path_lib.dsv'
[11.462s] INFO:colcon.colcon_core.shell:Creating environment hook '/home/user/ros2_ws/src/aruco_ros/install/aruco/share/aruco/hook/ld_library_path_lib.sh'
[11.463s] Level 1:colcon.colcon_core.environment:checking '/home/user/ros2_ws/src/aruco_ros/install/aruco/bin'
[11.463s] Level 1:colcon.colcon_core.environment:checking '/home/user/ros2_ws/src/aruco_ros/install/aruco/lib/pkgconfig/aruco.pc'
[11.463s] Level 1:colcon.colcon_core.environment:checking '/home/user/ros2_ws/src/aruco_ros/install/aruco/lib/python3.10/site-packages'
[11.464s] Level 1:colcon.colcon_core.environment:checking '/home/user/ros2_ws/src/aruco_ros/install/aruco/bin'
[11.465s] INFO:colcon.colcon_core.shell:Creating package script '/home/user/ros2_ws/src/aruco_ros/install/aruco/share/aruco/package.ps1'
[11.466s] INFO:colcon.colcon_core.shell:Creating package descriptor '/home/user/ros2_ws/src/aruco_ros/install/aruco/share/aruco/package.dsv'
[11.467s] INFO:colcon.colcon_core.shell:Creating package script '/home/user/ros2_ws/src/aruco_ros/install/aruco/share/aruco/package.sh'
[11.468s] INFO:colcon.colcon_core.shell:Creating package script '/home/user/ros2_ws/src/aruco_ros/install/aruco/share/aruco/package.bash'
[11.469s] INFO:colcon.colcon_core.shell:Creating package script '/home/user/ros2_ws/src/aruco_ros/install/aruco/share/aruco/package.zsh'
[11.469s] Level 1:colcon.colcon_core.environment:create_file_with_runtime_dependencies(/home/user/ros2_ws/src/aruco_ros/install/aruco/share/colcon-core/packages/aruco)
[11.471s] Level 1:colcon.colcon_core.environment:create_environment_scripts_only(aruco)
[11.471s] Level 1:colcon.colcon_core.environment:checking '/home/user/ros2_ws/src/aruco_ros/install/aruco' for CMake module files
[11.472s] Level 1:colcon.colcon_core.environment:checking '/home/user/ros2_ws/src/aruco_ros/install/aruco' for CMake config files
[11.473s] Level 1:colcon.colcon_core.shell:create_environment_hook('aruco', 'cmake_prefix_path')
[11.473s] INFO:colcon.colcon_core.shell:Creating environment hook '/home/user/ros2_ws/src/aruco_ros/install/aruco/share/aruco/hook/cmake_prefix_path.ps1'
[11.474s] INFO:colcon.colcon_core.shell:Creating environment descriptor '/home/user/ros2_ws/src/aruco_ros/install/aruco/share/aruco/hook/cmake_prefix_path.dsv'
[11.475s] INFO:colcon.colcon_core.shell:Creating environment hook '/home/user/ros2_ws/src/aruco_ros/install/aruco/share/aruco/hook/cmake_prefix_path.sh'
[11.477s] Level 1:colcon.colcon_core.environment:checking '/home/user/ros2_ws/src/aruco_ros/install/aruco/lib'
[11.478s] Level 1:colcon.colcon_core.shell:create_environment_hook('aruco', 'ld_library_path_lib')
[11.478s] INFO:colcon.colcon_core.shell:Creating environment hook '/home/user/ros2_ws/src/aruco_ros/install/aruco/share/aruco/hook/ld_library_path_lib.ps1'
[11.479s] INFO:colcon.colcon_core.shell:Creating environment descriptor '/home/user/ros2_ws/src/aruco_ros/install/aruco/share/aruco/hook/ld_library_path_lib.dsv'
[11.480s] INFO:colcon.colcon_core.shell:Creating environment hook '/home/user/ros2_ws/src/aruco_ros/install/aruco/share/aruco/hook/ld_library_path_lib.sh'
[11.481s] Level 1:colcon.colcon_core.environment:checking '/home/user/ros2_ws/src/aruco_ros/install/aruco/bin'
[11.481s] Level 1:colcon.colcon_core.environment:checking '/home/user/ros2_ws/src/aruco_ros/install/aruco/lib/pkgconfig/aruco.pc'
[11.481s] Level 1:colcon.colcon_core.environment:checking '/home/user/ros2_ws/src/aruco_ros/install/aruco/lib/python3.10/site-packages'
[11.482s] Level 1:colcon.colcon_core.environment:checking '/home/user/ros2_ws/src/aruco_ros/install/aruco/bin'
[11.483s] INFO:colcon.colcon_core.shell:Creating package script '/home/user/ros2_ws/src/aruco_ros/install/aruco/share/aruco/package.ps1'
[11.484s] INFO:colcon.colcon_core.shell:Creating package descriptor '/home/user/ros2_ws/src/aruco_ros/install/aruco/share/aruco/package.dsv'
[11.485s] INFO:colcon.colcon_core.shell:Creating package script '/home/user/ros2_ws/src/aruco_ros/install/aruco/share/aruco/package.sh'
[11.486s] INFO:colcon.colcon_core.shell:Creating package script '/home/user/ros2_ws/src/aruco_ros/install/aruco/share/aruco/package.bash'
[11.487s] INFO:colcon.colcon_core.shell:Creating package script '/home/user/ros2_ws/src/aruco_ros/install/aruco/share/aruco/package.zsh'
[11.488s] Level 1:colcon.colcon_core.environment:create_file_with_runtime_dependencies(/home/user/ros2_ws/src/aruco_ros/install/aruco/share/colcon-core/packages/aruco)
[11.489s] INFO:colcon.colcon_ros.task.ament_cmake.build:Building ROS package in '/home/user/ros2_ws/src/aruco_ros/aruco_ros' with build type 'ament_cmake'
[11.489s] INFO:colcon.colcon_cmake.task.cmake.build:Building CMake package in '/home/user/ros2_ws/src/aruco_ros/aruco_ros'
[11.490s] INFO:colcon.colcon_core.shell:Skip shell extension 'powershell' for command environment: Not usable outside of PowerShell
[11.490s] DEBUG:colcon.colcon_core.shell:Skip shell extension 'dsv' for command environment
[11.533s] DEBUG:colcon.colcon_core.event_handler.log_command:Invoking command in '/home/user/ros2_ws/src/aruco_ros/build/aruco_ros': AMENT_PREFIX_PATH=/home/user/ros2_ws/src/aruco_ros/install/aruco_msgs:/home/user/ros2_ws/src/aruco_ros/install/aruco:${AMENT_PREFIX_PATH} CMAKE_PREFIX_PATH=/home/user/ros2_ws/src/aruco_ros/install/aruco_msgs:/home/user/ros2_ws/src/aruco_ros/install/aruco:/home/user/ros2_ws/install/ros2_vision:/home/user/ros2_ws/install/ros2_urdf_demo:/home/user/ros2_ws/install/ros2_sensors_and_actuators:/home/user/ros2_ws/install/ros2_package_interfaces:/home/user/ros2_ws/install/ros2_package:/home/user/ros2_ws/install/ros2_kdl_package:/home/user/ros2_ws/install/kdl_arm_dynamixel:/home/user/ros2_ws/install/kdl_arm_dynamixel_custom_interfaces:/home/user/ros2_ws/install/impedance_controller:/home/user/ros2_ws/install/iiwa_bringup:/home/user/ros2_ws/install/iiwa_description:/home/user/ros2_ws/install/external_torque_sensor_broadcaster:/home/user/ros2_ws/install/dynamixel_sdk_examples:/home/user/ros2_ws/install/dynamixel_sdk_custom_interfaces:/home/user/ros2_ws/install/dynamixel_sdk:/home/user/ros2_ws/install/aruco_ros:/home/user/ros2_ws/install/aruco_msgs:/home/user/ros2_ws/install/aruco:/home/user/ros2_ws/install/armando_gazebo:/home/user/ros2_ws/install/armando_description:/home/user/ros2_ws/install/armando_controller:/opt/ros/humble LD_LIBRARY_PATH=/home/user/ros2_ws/src/aruco_ros/install/aruco_msgs/lib:/home/user/ros2_ws/src/aruco_ros/install/aruco/lib:${LD_LIBRARY_PATH} PYTHONPATH=/home/user/ros2_ws/src/aruco_ros/install/aruco_msgs/local/lib/python3.10/dist-packages:${PYTHONPATH} /usr/bin/cmake /home/user/ros2_ws/src/aruco_ros/aruco_ros -DCMAKE_INSTALL_PREFIX=/home/user/ros2_ws/src/aruco_ros/install/aruco_ros
[14.179s] DEBUG:colcon.colcon_core.event_handler.log_command:Invoked command in '/home/user/ros2_ws/src/aruco_ros/build/aruco_ros' returned '0': AMENT_PREFIX_PATH=/home/user/ros2_ws/src/aruco_ros/install/aruco_msgs:/home/user/ros2_ws/src/aruco_ros/install/aruco:${AMENT_PREFIX_PATH} CMAKE_PREFIX_PATH=/home/user/ros2_ws/src/aruco_ros/install/aruco_msgs:/home/user/ros2_ws/src/aruco_ros/install/aruco:/home/user/ros2_ws/install/ros2_vision:/home/user/ros2_ws/install/ros2_urdf_demo:/home/user/ros2_ws/install/ros2_sensors_and_actuators:/home/user/ros2_ws/install/ros2_package_interfaces:/home/user/ros2_ws/install/ros2_package:/home/user/ros2_ws/install/ros2_kdl_package:/home/user/ros2_ws/install/kdl_arm_dynamixel:/home/user/ros2_ws/install/kdl_arm_dynamixel_custom_interfaces:/home/user/ros2_ws/install/impedance_controller:/home/user/ros2_ws/install/iiwa_bringup:/home/user/ros2_ws/install/iiwa_description:/home/user/ros2_ws/install/external_torque_sensor_broadcaster:/home/user/ros2_ws/install/dynamixel_sdk_examples:/home/user/ros2_ws/install/dynamixel_sdk_custom_interfaces:/home/user/ros2_ws/install/dynamixel_sdk:/home/user/ros2_ws/install/aruco_ros:/home/user/ros2_ws/install/aruco_msgs:/home/user/ros2_ws/install/aruco:/home/user/ros2_ws/install/armando_gazebo:/home/user/ros2_ws/install/armando_description:/home/user/ros2_ws/install/armando_controller:/opt/ros/humble LD_LIBRARY_PATH=/home/user/ros2_ws/src/aruco_ros/install/aruco_msgs/lib:/home/user/ros2_ws/src/aruco_ros/install/aruco/lib:${LD_LIBRARY_PATH} PYTHONPATH=/home/user/ros2_ws/src/aruco_ros/install/aruco_msgs/local/lib/python3.10/dist-packages:${PYTHONPATH} /usr/bin/cmake /home/user/ros2_ws/src/aruco_ros/aruco_ros -DCMAKE_INSTALL_PREFIX=/home/user/ros2_ws/src/aruco_ros/install/aruco_ros
[14.181s] DEBUG:colcon.colcon_core.event_handler.log_command:Invoking command in '/home/user/ros2_ws/src/aruco_ros/build/aruco_ros': AMENT_PREFIX_PATH=/home/user/ros2_ws/src/aruco_ros/install/aruco_msgs:/home/user/ros2_ws/src/aruco_ros/install/aruco:${AMENT_PREFIX_PATH} CMAKE_PREFIX_PATH=/home/user/ros2_ws/src/aruco_ros/install/aruco_msgs:/home/user/ros2_ws/src/aruco_ros/install/aruco:/home/user/ros2_ws/install/ros2_vision:/home/user/ros2_ws/install/ros2_urdf_demo:/home/user/ros2_ws/install/ros2_sensors_and_actuators:/home/user/ros2_ws/install/ros2_package_interfaces:/home/user/ros2_ws/install/ros2_package:/home/user/ros2_ws/install/ros2_kdl_package:/home/user/ros2_ws/install/kdl_arm_dynamixel:/home/user/ros2_ws/install/kdl_arm_dynamixel_custom_interfaces:/home/user/ros2_ws/install/impedance_controller:/home/user/ros2_ws/install/iiwa_bringup:/home/user/ros2_ws/install/iiwa_description:/home/user/ros2_ws/install/external_torque_sensor_broadcaster:/home/user/ros2_ws/install/dynamixel_sdk_examples:/home/user/ros2_ws/install/dynamixel_sdk_custom_interfaces:/home/user/ros2_ws/install/dynamixel_sdk:/home/user/ros2_ws/install/aruco_ros:/home/user/ros2_ws/install/aruco_msgs:/home/user/ros2_ws/install/aruco:/home/user/ros2_ws/install/armando_gazebo:/home/user/ros2_ws/install/armando_description:/home/user/ros2_ws/install/armando_controller:/opt/ros/humble LD_LIBRARY_PATH=/home/user/ros2_ws/src/aruco_ros/install/aruco_msgs/lib:/home/user/ros2_ws/src/aruco_ros/install/aruco/lib:${LD_LIBRARY_PATH} PYTHONPATH=/home/user/ros2_ws/src/aruco_ros/install/aruco_msgs/local/lib/python3.10/dist-packages:${PYTHONPATH} /usr/bin/cmake --build /home/user/ros2_ws/src/aruco_ros/build/aruco_ros -- -j12 -l12
[27.979s] DEBUG:colcon.colcon_core.event_handler.log_command:Invoked command in '/home/user/ros2_ws/src/aruco_ros/build/aruco_ros' returned '0': AMENT_PREFIX_PATH=/home/user/ros2_ws/src/aruco_ros/install/aruco_msgs:/home/user/ros2_ws/src/aruco_ros/install/aruco:${AMENT_PREFIX_PATH} CMAKE_PREFIX_PATH=/home/user/ros2_ws/src/aruco_ros/install/aruco_msgs:/home/user/ros2_ws/src/aruco_ros/install/aruco:/home/user/ros2_ws/install/ros2_vision:/home/user/ros2_ws/install/ros2_urdf_demo:/home/user/ros2_ws/install/ros2_sensors_and_actuators:/home/user/ros2_ws/install/ros2_package_interfaces:/home/user/ros2_ws/install/ros2_package:/home/user/ros2_ws/install/ros2_kdl_package:/home/user/ros2_ws/install/kdl_arm_dynamixel:/home/user/ros2_ws/install/kdl_arm_dynamixel_custom_interfaces:/home/user/ros2_ws/install/impedance_controller:/home/user/ros2_ws/install/iiwa_bringup:/home/user/ros2_ws/install/iiwa_description:/home/user/ros2_ws/install/external_torque_sensor_broadcaster:/home/user/ros2_ws/install/dynamixel_sdk_examples:/home/user/ros2_ws/install/dynamixel_sdk_custom_interfaces:/home/user/ros2_ws/install/dynamixel_sdk:/home/user/ros2_ws/install/aruco_ros:/home/user/ros2_ws/install/aruco_msgs:/home/user/ros2_ws/install/aruco:/home/user/ros2_ws/install/armando_gazebo:/home/user/ros2_ws/install/armando_description:/home/user/ros2_ws/install/armando_controller:/opt/ros/humble LD_LIBRARY_PATH=/home/user/ros2_ws/src/aruco_ros/install/aruco_msgs/lib:/home/user/ros2_ws/src/aruco_ros/install/aruco/lib:${LD_LIBRARY_PATH} PYTHONPATH=/home/user/ros2_ws/src/aruco_ros/install/aruco_msgs/local/lib/python3.10/dist-packages:${PYTHONPATH} /usr/bin/cmake --build /home/user/ros2_ws/src/aruco_ros/build/aruco_ros -- -j12 -l12
[27.981s] DEBUG:colcon.colcon_core.event_handler.log_command:Invoking command in '/home/user/ros2_ws/src/aruco_ros/build/aruco_ros': AMENT_PREFIX_PATH=/home/user/ros2_ws/src/aruco_ros/install/aruco_msgs:/home/user/ros2_ws/src/aruco_ros/install/aruco:${AMENT_PREFIX_PATH} CMAKE_PREFIX_PATH=/home/user/ros2_ws/src/aruco_ros/install/aruco_msgs:/home/user/ros2_ws/src/aruco_ros/install/aruco:/home/user/ros2_ws/install/ros2_vision:/home/user/ros2_ws/install/ros2_urdf_demo:/home/user/ros2_ws/install/ros2_sensors_and_actuators:/home/user/ros2_ws/install/ros2_package_interfaces:/home/user/ros2_ws/install/ros2_package:/home/user/ros2_ws/install/ros2_kdl_package:/home/user/ros2_ws/install/kdl_arm_dynamixel:/home/user/ros2_ws/install/kdl_arm_dynamixel_custom_interfaces:/home/user/ros2_ws/install/impedance_controller:/home/user/ros2_ws/install/iiwa_bringup:/home/user/ros2_ws/install/iiwa_description:/home/user/ros2_ws/install/external_torque_sensor_broadcaster:/home/user/ros2_ws/install/dynamixel_sdk_examples:/home/user/ros2_ws/install/dynamixel_sdk_custom_interfaces:/home/user/ros2_ws/install/dynamixel_sdk:/home/user/ros2_ws/install/aruco_ros:/home/user/ros2_ws/install/aruco_msgs:/home/user/ros2_ws/install/aruco:/home/user/ros2_ws/install/armando_gazebo:/home/user/ros2_ws/install/armando_description:/home/user/ros2_ws/install/armando_controller:/opt/ros/humble LD_LIBRARY_PATH=/home/user/ros2_ws/src/aruco_ros/install/aruco_msgs/lib:/home/user/ros2_ws/src/aruco_ros/install/aruco/lib:${LD_LIBRARY_PATH} PYTHONPATH=/home/user/ros2_ws/src/aruco_ros/install/aruco_msgs/local/lib/python3.10/dist-packages:${PYTHONPATH} /usr/bin/cmake --install /home/user/ros2_ws/src/aruco_ros/build/aruco_ros
[28.023s] Level 1:colcon.colcon_core.environment:create_environment_scripts_only(aruco_ros)
[28.023s] DEBUG:colcon.colcon_core.event_handler.log_command:Invoked command in '/home/user/ros2_ws/src/aruco_ros/build/aruco_ros' returned '0': AMENT_PREFIX_PATH=/home/user/ros2_ws/src/aruco_ros/install/aruco_msgs:/home/user/ros2_ws/src/aruco_ros/install/aruco:${AMENT_PREFIX_PATH} CMAKE_PREFIX_PATH=/home/user/ros2_ws/src/aruco_ros/install/aruco_msgs:/home/user/ros2_ws/src/aruco_ros/install/aruco:/home/user/ros2_ws/install/ros2_vision:/home/user/ros2_ws/install/ros2_urdf_demo:/home/user/ros2_ws/install/ros2_sensors_and_actuators:/home/user/ros2_ws/install/ros2_package_interfaces:/home/user/ros2_ws/install/ros2_package:/home/user/ros2_ws/install/ros2_kdl_package:/home/user/ros2_ws/install/kdl_arm_dynamixel:/home/user/ros2_ws/install/kdl_arm_dynamixel_custom_interfaces:/home/user/ros2_ws/install/impedance_controller:/home/user/ros2_ws/install/iiwa_bringup:/home/user/ros2_ws/install/iiwa_description:/home/user/ros2_ws/install/external_torque_sensor_broadcaster:/home/user/ros2_ws/install/dynamixel_sdk_examples:/home/user/ros2_ws/install/dynamixel_sdk_custom_interfaces:/home/user/ros2_ws/install/dynamixel_sdk:/home/user/ros2_ws/install/aruco_ros:/home/user/ros2_ws/install/aruco_msgs:/home/user/ros2_ws/install/aruco:/home/user/ros2_ws/install/armando_gazebo:/home/user/ros2_ws/install/armando_description:/home/user/ros2_ws/install/armando_controller:/opt/ros/humble LD_LIBRARY_PATH=/home/user/ros2_ws/src/aruco_ros/install/aruco_msgs/lib:/home/user/ros2_ws/src/aruco_ros/install/aruco/lib:${LD_LIBRARY_PATH} PYTHONPATH=/home/user/ros2_ws/src/aruco_ros/install/aruco_msgs/local/lib/python3.10/dist-packages:${PYTHONPATH} /usr/bin/cmake --install /home/user/ros2_ws/src/aruco_ros/build/aruco_ros
[28.024s] Level 1:colcon.colcon_core.environment:checking '/home/user/ros2_ws/src/aruco_ros/install/aruco_ros' for CMake module files
[28.024s] Level 1:colcon.colcon_core.environment:checking '/home/user/ros2_ws/src/aruco_ros/install/aruco_ros' for CMake config files
[28.025s] Level 1:colcon.colcon_core.shell:create_environment_hook('aruco_ros', 'cmake_prefix_path')
[28.025s] INFO:colcon.colcon_core.shell:Creating environment hook '/home/user/ros2_ws/src/aruco_ros/install/aruco_ros/share/aruco_ros/hook/cmake_prefix_path.ps1'
[28.025s] INFO:colcon.colcon_core.shell:Creating environment descriptor '/home/user/ros2_ws/src/aruco_ros/install/aruco_ros/share/aruco_ros/hook/cmake_prefix_path.dsv'
[28.026s] INFO:colcon.colcon_core.shell:Creating environment hook '/home/user/ros2_ws/src/aruco_ros/install/aruco_ros/share/aruco_ros/hook/cmake_prefix_path.sh'
[28.026s] Level 1:colcon.colcon_core.environment:checking '/home/user/ros2_ws/src/aruco_ros/install/aruco_ros/lib'
[28.026s] Level 1:colcon.colcon_core.shell:create_environment_hook('aruco_ros', 'ld_library_path_lib')
[28.027s] INFO:colcon.colcon_core.shell:Creating environment hook '/home/user/ros2_ws/src/aruco_ros/install/aruco_ros/share/aruco_ros/hook/ld_library_path_lib.ps1'
[28.027s] INFO:colcon.colcon_core.shell:Creating environment descriptor '/home/user/ros2_ws/src/aruco_ros/install/aruco_ros/share/aruco_ros/hook/ld_library_path_lib.dsv'
[28.027s] INFO:colcon.colcon_core.shell:Creating environment hook '/home/user/ros2_ws/src/aruco_ros/install/aruco_ros/share/aruco_ros/hook/ld_library_path_lib.sh'
[28.028s] Level 1:colcon.colcon_core.environment:checking '/home/user/ros2_ws/src/aruco_ros/install/aruco_ros/bin'
[28.028s] Level 1:colcon.colcon_core.environment:checking '/home/user/ros2_ws/src/aruco_ros/install/aruco_ros/lib/pkgconfig/aruco_ros.pc'
[28.029s] Level 1:colcon.colcon_core.environment:checking '/home/user/ros2_ws/src/aruco_ros/install/aruco_ros/lib/python3.10/site-packages'
[28.029s] Level 1:colcon.colcon_core.environment:checking '/home/user/ros2_ws/src/aruco_ros/install/aruco_ros/bin'
[28.030s] INFO:colcon.colcon_core.shell:Creating package script '/home/user/ros2_ws/src/aruco_ros/install/aruco_ros/share/aruco_ros/package.ps1'
[28.031s] INFO:colcon.colcon_core.shell:Creating package descriptor '/home/user/ros2_ws/src/aruco_ros/install/aruco_ros/share/aruco_ros/package.dsv'
[28.032s] INFO:colcon.colcon_core.shell:Creating package script '/home/user/ros2_ws/src/aruco_ros/install/aruco_ros/share/aruco_ros/package.sh'
[28.032s] INFO:colcon.colcon_core.shell:Creating package script '/home/user/ros2_ws/src/aruco_ros/install/aruco_ros/share/aruco_ros/package.bash'
[28.033s] INFO:colcon.colcon_core.shell:Creating package script '/home/user/ros2_ws/src/aruco_ros/install/aruco_ros/share/aruco_ros/package.zsh'
[28.034s] Level 1:colcon.colcon_core.environment:create_file_with_runtime_dependencies(/home/user/ros2_ws/src/aruco_ros/install/aruco_ros/share/colcon-core/packages/aruco_ros)
[28.034s] Level 1:colcon.colcon_core.environment:create_environment_scripts_only(aruco_ros)
[28.035s] Level 1:colcon.colcon_core.environment:checking '/home/user/ros2_ws/src/aruco_ros/install/aruco_ros' for CMake module files
[28.035s] Level 1:colcon.colcon_core.environment:checking '/home/user/ros2_ws/src/aruco_ros/install/aruco_ros' for CMake config files
[28.035s] Level 1:colcon.colcon_core.shell:create_environment_hook('aruco_ros', 'cmake_prefix_path')
[28.035s] INFO:colcon.colcon_core.shell:Creating environment hook '/home/user/ros2_ws/src/aruco_ros/install/aruco_ros/share/aruco_ros/hook/cmake_prefix_path.ps1'
[28.036s] INFO:colcon.colcon_core.shell:Creating environment descriptor '/home/user/ros2_ws/src/aruco_ros/install/aruco_ros/share/aruco_ros/hook/cmake_prefix_path.dsv'
[28.036s] INFO:colcon.colcon_core.shell:Creating environment hook '/home/user/ros2_ws/src/aruco_ros/install/aruco_ros/share/aruco_ros/hook/cmake_prefix_path.sh'
[28.037s] Level 1:colcon.colcon_core.environment:checking '/home/user/ros2_ws/src/aruco_ros/install/aruco_ros/lib'
[28.037s] Level 1:colcon.colcon_core.shell:create_environment_hook('aruco_ros', 'ld_library_path_lib')
[28.037s] INFO:colcon.colcon_core.shell:Creating environment hook '/home/user/ros2_ws/src/aruco_ros/install/aruco_ros/share/aruco_ros/hook/ld_library_path_lib.ps1'
[28.037s] INFO:colcon.colcon_core.shell:Creating environment descriptor '/home/user/ros2_ws/src/aruco_ros/install/aruco_ros/share/aruco_ros/hook/ld_library_path_lib.dsv'
[28.038s] INFO:colcon.colcon_core.shell:Creating environment hook '/home/user/ros2_ws/src/aruco_ros/install/aruco_ros/share/aruco_ros/hook/ld_library_path_lib.sh'
[28.038s] Level 1:colcon.colcon_core.environment:checking '/home/user/ros2_ws/src/aruco_ros/install/aruco_ros/bin'
[28.038s] Level 1:colcon.colcon_core.environment:checking '/home/user/ros2_ws/src/aruco_ros/install/aruco_ros/lib/pkgconfig/aruco_ros.pc'
[28.038s] Level 1:colcon.colcon_core.environment:checking '/home/user/ros2_ws/src/aruco_ros/install/aruco_ros/lib/python3.10/site-packages'
[28.039s] Level 1:colcon.colcon_core.environment:checking '/home/user/ros2_ws/src/aruco_ros/install/aruco_ros/bin'
[28.039s] INFO:colcon.colcon_core.shell:Creating package script '/home/user/ros2_ws/src/aruco_ros/install/aruco_ros/share/aruco_ros/package.ps1'
[28.040s] INFO:colcon.colcon_core.shell:Creating package descriptor '/home/user/ros2_ws/src/aruco_ros/install/aruco_ros/share/aruco_ros/package.dsv'
[28.041s] INFO:colcon.colcon_core.shell:Creating package script '/home/user/ros2_ws/src/aruco_ros/install/aruco_ros/share/aruco_ros/package.sh'
[28.042s] INFO:colcon.colcon_core.shell:Creating package script '/home/user/ros2_ws/src/aruco_ros/install/aruco_ros/share/aruco_ros/package.bash'
[28.042s] INFO:colcon.colcon_core.shell:Creating package script '/home/user/ros2_ws/src/aruco_ros/install/aruco_ros/share/aruco_ros/package.zsh'
[28.043s] Level 1:colcon.colcon_core.environment:create_file_with_runtime_dependencies(/home/user/ros2_ws/src/aruco_ros/install/aruco_ros/share/colcon-core/packages/aruco_ros)
[28.043s] DEBUG:colcon.colcon_parallel_executor.executor.parallel:closing loop
[28.044s] DEBUG:colcon.colcon_parallel_executor.executor.parallel:loop closed
[28.044s] DEBUG:colcon.colcon_parallel_executor.executor.parallel:run_until_complete finished with '0'
[28.044s] DEBUG:colcon.colcon_core.event_reactor:joining thread
[28.060s] INFO:colcon.colcon_core.plugin_system:Skipping extension 'colcon_notification.desktop_notification.notify_send': Could not find 'notify-send'
[28.060s] INFO:colcon.colcon_core.plugin_system:Skipping extension 'colcon_notification.desktop_notification.terminal_notifier': Not used on non-Darwin systems
[28.060s] INFO:colcon.colcon_core.plugin_system:Skipping extension 'colcon_notification.desktop_notification.win32': Not used on non-Windows systems
[28.060s] INFO:colcon.colcon_notification.desktop_notification:Sending desktop notification using 'notify2'
[28.066s] DEBUG:colcon.colcon_notification.desktop_notification.notify2:Failed to initialize notify2: org.freedesktop.DBus.Error.Spawn.ExecFailed: /usr/bin/dbus-launch terminated abnormally without any error message
[28.067s] DEBUG:colcon.colcon_core.event_reactor:joined thread
[28.067s] INFO:colcon.colcon_core.shell:Creating prefix script '/home/user/ros2_ws/src/aruco_ros/install/local_setup.ps1'
[28.069s] INFO:colcon.colcon_core.shell:Creating prefix util module '/home/user/ros2_ws/src/aruco_ros/install/_local_setup_util_ps1.py'
[28.070s] INFO:colcon.colcon_core.shell:Creating prefix chain script '/home/user/ros2_ws/src/aruco_ros/install/setup.ps1'
[28.072s] INFO:colcon.colcon_core.shell:Creating prefix script '/home/user/ros2_ws/src/aruco_ros/install/local_setup.sh'
[28.072s] INFO:colcon.colcon_core.shell:Creating prefix util module '/home/user/ros2_ws/src/aruco_ros/install/_local_setup_util_sh.py'
[28.073s] INFO:colcon.colcon_core.shell:Creating prefix chain script '/home/user/ros2_ws/src/aruco_ros/install/setup.sh'
[28.075s] INFO:colcon.colcon_core.shell:Creating prefix script '/home/user/ros2_ws/src/aruco_ros/install/local_setup.bash'
[28.076s] INFO:colcon.colcon_core.shell:Creating prefix chain script '/home/user/ros2_ws/src/aruco_ros/install/setup.bash'
[28.078s] INFO:colcon.colcon_core.shell:Creating prefix script '/home/user/ros2_ws/src/aruco_ros/install/local_setup.zsh'
[28.079s] INFO:colcon.colcon_core.shell:Creating prefix chain script '/home/user/ros2_ws/src/aruco_ros/install/setup.zsh'
