[0.033s] Invoking command in '/home/user/ros2_ws/src/aruco_ros/build/aruco': CMAKE_PREFIX_PATH=${CMAKE_PREFIX_PATH}:/opt/ros/humble /usr/bin/cmake /home/user/ros2_ws/src/aruco_ros/aruco -DCMAKE_INSTALL_PREFIX=/home/user/ros2_ws/src/aruco_ros/install/aruco
[0.157s] -- The C compiler identification is GNU 11.4.0
[0.266s] -- The CXX compiler identification is GNU 11.4.0
[0.287s] -- Detecting C compiler ABI info
[0.436s] -- Detecting C compiler ABI info - done
[0.447s] -- Check for working C compiler: /usr/bin/cc - skipped
[0.448s] -- Detecting C compile features
[0.448s] -- Detecting C compile features - done
[0.453s] -- Detecting CXX compiler ABI info
[0.621s] -- Detecting CXX compiler ABI info - done
[0.641s] -- Check for working CXX compiler: /usr/bin/c++ - skipped
[0.641s] -- Detecting CXX compile features
[0.643s] -- Detecting CXX compile features - done
[0.663s] -- Found ament_cmake: 1.3.14 (/opt/ros/humble/share/ament_cmake/cmake)
[0.939s] -- Found Python3: /usr/bin/python3 (found version "3.10.12") found components: Interpreter 
[1.285s] -- Found OpenCV: /usr (found suitable version "4.5.4", minimum required is "4.2.0") 
[1.398s] -- Configuring done
[1.420s] -- Generating done
[1.427s] -- Build files have been written to: /home/user/ros2_ws/src/aruco_ros/build/aruco
[1.438s] Invoked command in '/home/user/ros2_ws/src/aruco_ros/build/aruco' returned '0': CMAKE_PREFIX_PATH=${CMAKE_PREFIX_PATH}:/opt/ros/humble /usr/bin/cmake /home/user/ros2_ws/src/aruco_ros/aruco -DCMAKE_INSTALL_PREFIX=/home/user/ros2_ws/src/aruco_ros/install/aruco
[1.439s] Invoking command in '/home/user/ros2_ws/src/aruco_ros/build/aruco': CMAKE_PREFIX_PATH=${CMAKE_PREFIX_PATH}:/opt/ros/humble /usr/bin/cmake --build /home/user/ros2_ws/src/aruco_ros/build/aruco -- -j12 -l12
[1.572s] [  5%] [32mBuilding CXX object CMakeFiles/aruco.dir/src/aruco/cvdrawingutils.cpp.o[0m
[1.572s] [ 22%] [32mBuilding CXX object CMakeFiles/aruco.dir/src/aruco/marker.cpp.o[0m
[1.572s] [ 22%] [32mBuilding CXX object CMakeFiles/aruco.dir/src/aruco/debug.cpp.o[0m
[1.572s] [ 22%] [32mBuilding CXX object CMakeFiles/aruco.dir/src/aruco/dictionary_based.cpp.o[0m
[1.572s] [ 27%] [32mBuilding CXX object CMakeFiles/aruco.dir/src/aruco/cameraparameters.cpp.o[0m
[1.572s] [ 33%] [32mBuilding CXX object CMakeFiles/aruco.dir/src/aruco/ippe.cpp.o[0m
[1.573s] [ 38%] [32mBuilding CXX object CMakeFiles/aruco.dir/src/aruco/markerdetector_impl.cpp.o[0m
[1.575s] [ 44%] [32mBuilding CXX object CMakeFiles/aruco.dir/src/aruco/dictionary.cpp.o[0m
[1.576s] [ 55%] [32mBuilding CXX object CMakeFiles/aruco.dir/src/aruco/fractaldetector.cpp.o[0m
[1.576s] [ 55%] [32mBuilding CXX object CMakeFiles/aruco.dir/src/aruco/markerlabeler.cpp.o[0m
[1.577s] [ 61%] [32mBuilding CXX object CMakeFiles/aruco.dir/src/aruco/markerdetector.cpp.o[0m
[1.585s] [ 66%] [32mBuilding CXX object CMakeFiles/aruco.dir/src/aruco/markermap.cpp.o[0m
[2.366s] [ 72%] [32mBuilding CXX object CMakeFiles/aruco.dir/src/aruco/posetracker.cpp.o[0m
[3.298s] [ 77%] [32mBuilding CXX object CMakeFiles/aruco.dir/src/aruco/fractallabelers/fractallabeler.cpp.o[0m
[3.542s] [ 83%] [32mBuilding CXX object CMakeFiles/aruco.dir/src/aruco/fractallabelers/fractalmarker.cpp.o[0m
[3.900s] [ 88%] [32mBuilding CXX object CMakeFiles/aruco.dir/src/aruco/fractallabelers/fractalmarkerset.cpp.o[0m
[4.002s] [ 94%] [32mBuilding CXX object CMakeFiles/aruco.dir/src/aruco/fractallabelers/fractalposetracker.cpp.o[0m
[10.343s] [100%] [32m[1mLinking CXX shared library libaruco.so[0m
[10.827s] [100%] Built target aruco
[10.844s] Invoked command in '/home/user/ros2_ws/src/aruco_ros/build/aruco' returned '0': CMAKE_PREFIX_PATH=${CMAKE_PREFIX_PATH}:/opt/ros/humble /usr/bin/cmake --build /home/user/ros2_ws/src/aruco_ros/build/aruco -- -j12 -l12
[10.845s] Invoking command in '/home/user/ros2_ws/src/aruco_ros/build/aruco': CMAKE_PREFIX_PATH=${CMAKE_PREFIX_PATH}:/opt/ros/humble /usr/bin/cmake --install /home/user/ros2_ws/src/aruco_ros/build/aruco
[10.855s] -- Install configuration: ""
[10.855s] -- Installing: /home/user/ros2_ws/src/aruco_ros/install/aruco/lib/libaruco.so
[10.861s] -- Installing: /home/user/ros2_ws/src/aruco_ros/install/aruco/include
[10.861s] -- Installing: /home/user/ros2_ws/src/aruco_ros/install/aruco/include/aruco
[10.861s] -- Installing: /home/user/ros2_ws/src/aruco_ros/install/aruco/include/aruco/fractaldetector.h
[10.861s] -- Installing: /home/user/ros2_ws/src/aruco_ros/install/aruco/include/aruco/fractallabelers
[10.861s] -- Installing: /home/user/ros2_ws/src/aruco_ros/install/aruco/include/aruco/fractallabelers/fractalposetracker.h
[10.862s] -- Installing: /home/user/ros2_ws/src/aruco_ros/install/aruco/include/aruco/fractallabelers/fractalmarker.h
[10.862s] -- Installing: /home/user/ros2_ws/src/aruco_ros/install/aruco/include/aruco/fractallabelers/fractalmarkerset.h
[10.862s] -- Installing: /home/user/ros2_ws/src/aruco_ros/install/aruco/include/aruco/fractallabelers/fractallabeler.h
[10.862s] -- Installing: /home/user/ros2_ws/src/aruco_ros/install/aruco/include/aruco/aruco.h
[10.862s] -- Installing: /home/user/ros2_ws/src/aruco_ros/install/aruco/include/aruco/cvdrawingutils.h
[10.863s] -- Installing: /home/user/ros2_ws/src/aruco_ros/install/aruco/include/aruco/posetracker.h
[10.863s] -- Installing: /home/user/ros2_ws/src/aruco_ros/install/aruco/include/aruco/markerdetector.h
[10.863s] -- Installing: /home/user/ros2_ws/src/aruco_ros/install/aruco/include/aruco/cameraparameters.h
[10.863s] -- Installing: /home/user/ros2_ws/src/aruco_ros/install/aruco/include/aruco/markermap.h
[10.863s] -- Installing: /home/user/ros2_ws/src/aruco_ros/install/aruco/include/aruco/debug.h
[10.863s] -- Installing: /home/user/ros2_ws/src/aruco_ros/install/aruco/include/aruco/dictionary_based.h
[10.863s] -- Installing: /home/user/ros2_ws/src/aruco_ros/install/aruco/include/aruco/timers.h
[10.863s] -- Installing: /home/user/ros2_ws/src/aruco_ros/install/aruco/include/aruco/marker.h
[10.864s] -- Installing: /home/user/ros2_ws/src/aruco_ros/install/aruco/include/aruco/aruco_cvversioning.h
[10.864s] -- Installing: /home/user/ros2_ws/src/aruco_ros/install/aruco/include/aruco/dictionary.h
[10.864s] -- Installing: /home/user/ros2_ws/src/aruco_ros/install/aruco/include/aruco/picoflann.h
[10.864s] -- Installing: /home/user/ros2_ws/src/aruco_ros/install/aruco/include/aruco/levmarq.h
[10.864s] -- Installing: /home/user/ros2_ws/src/aruco_ros/install/aruco/include/aruco/markerdetector_impl.h
[10.864s] -- Installing: /home/user/ros2_ws/src/aruco_ros/install/aruco/include/aruco/ippe.h
[10.865s] -- Installing: /home/user/ros2_ws/src/aruco_ros/install/aruco/include/aruco/aruco_export.h
[10.865s] -- Installing: /home/user/ros2_ws/src/aruco_ros/install/aruco/include/aruco/markerlabeler.h
[10.865s] -- Installing: /home/user/ros2_ws/src/aruco_ros/install/aruco/share/aruco/environment/library_path.sh
[10.865s] -- Installing: /home/user/ros2_ws/src/aruco_ros/install/aruco/share/aruco/environment/library_path.dsv
[10.866s] -- Installing: /home/user/ros2_ws/src/aruco_ros/install/aruco/share/ament_index/resource_index/package_run_dependencies/aruco
[10.866s] -- Installing: /home/user/ros2_ws/src/aruco_ros/install/aruco/share/ament_index/resource_index/parent_prefix_path/aruco
[10.866s] -- Installing: /home/user/ros2_ws/src/aruco_ros/install/aruco/share/aruco/environment/ament_prefix_path.sh
[10.866s] -- Installing: /home/user/ros2_ws/src/aruco_ros/install/aruco/share/aruco/environment/ament_prefix_path.dsv
[10.867s] -- Installing: /home/user/ros2_ws/src/aruco_ros/install/aruco/share/aruco/environment/path.sh
[10.867s] -- Installing: /home/user/ros2_ws/src/aruco_ros/install/aruco/share/aruco/environment/path.dsv
[10.867s] -- Installing: /home/user/ros2_ws/src/aruco_ros/install/aruco/share/aruco/local_setup.bash
[10.867s] -- Installing: /home/user/ros2_ws/src/aruco_ros/install/aruco/share/aruco/local_setup.sh
[10.867s] -- Installing: /home/user/ros2_ws/src/aruco_ros/install/aruco/share/aruco/local_setup.zsh
[10.867s] -- Installing: /home/user/ros2_ws/src/aruco_ros/install/aruco/share/aruco/local_setup.dsv
[10.868s] -- Installing: /home/user/ros2_ws/src/aruco_ros/install/aruco/share/aruco/package.dsv
[10.868s] -- Installing: /home/user/ros2_ws/src/aruco_ros/install/aruco/share/ament_index/resource_index/packages/aruco
[10.868s] -- Installing: /home/user/ros2_ws/src/aruco_ros/install/aruco/share/aruco/cmake/ament_cmake_export_include_directories-extras.cmake
[10.868s] -- Installing: /home/user/ros2_ws/src/aruco_ros/install/aruco/share/aruco/cmake/ament_cmake_export_libraries-extras.cmake
[10.869s] -- Installing: /home/user/ros2_ws/src/aruco_ros/install/aruco/share/aruco/cmake/arucoConfig.cmake
[10.869s] -- Installing: /home/user/ros2_ws/src/aruco_ros/install/aruco/share/aruco/cmake/arucoConfig-version.cmake
[10.869s] -- Installing: /home/user/ros2_ws/src/aruco_ros/install/aruco/share/aruco/package.xml
[10.872s] Invoked command in '/home/user/ros2_ws/src/aruco_ros/build/aruco' returned '0': CMAKE_PREFIX_PATH=${CMAKE_PREFIX_PATH}:/opt/ros/humble /usr/bin/cmake --install /home/user/ros2_ws/src/aruco_ros/build/aruco
