[0.041s] Invoking command in '/home/user/ros2_ws/src/aruco_ros/build/aruco_ros': AMENT_PREFIX_PATH=/home/user/ros2_ws/src/aruco_ros/install/aruco_msgs:/home/user/ros2_ws/src/aruco_ros/install/aruco:${AMENT_PREFIX_PATH} CMAKE_PREFIX_PATH=/home/user/ros2_ws/src/aruco_ros/install/aruco_msgs:/home/user/ros2_ws/src/aruco_ros/install/aruco:/home/user/ros2_ws/install/ros2_vision:/home/user/ros2_ws/install/ros2_urdf_demo:/home/user/ros2_ws/install/ros2_sensors_and_actuators:/home/user/ros2_ws/install/ros2_package_interfaces:/home/user/ros2_ws/install/ros2_package:/home/user/ros2_ws/install/ros2_kdl_package:/home/user/ros2_ws/install/kdl_arm_dynamixel:/home/user/ros2_ws/install/kdl_arm_dynamixel_custom_interfaces:/home/user/ros2_ws/install/impedance_controller:/home/user/ros2_ws/install/iiwa_bringup:/home/user/ros2_ws/install/iiwa_description:/home/user/ros2_ws/install/external_torque_sensor_broadcaster:/home/user/ros2_ws/install/dynamixel_sdk_examples:/home/user/ros2_ws/install/dynamixel_sdk_custom_interfaces:/home/user/ros2_ws/install/dynamixel_sdk:/home/user/ros2_ws/install/aruco_ros:/home/user/ros2_ws/install/aruco_msgs:/home/user/ros2_ws/install/aruco:/home/user/ros2_ws/install/armando_gazebo:/home/user/ros2_ws/install/armando_description:/home/user/ros2_ws/install/armando_controller:/opt/ros/humble LD_LIBRARY_PATH=/home/user/ros2_ws/src/aruco_ros/install/aruco_msgs/lib:/home/user/ros2_ws/src/aruco_ros/install/aruco/lib:${LD_LIBRARY_PATH} PYTHONPATH=/home/user/ros2_ws/src/aruco_ros/install/aruco_msgs/local/lib/python3.10/dist-packages:${PYTHONPATH} /usr/bin/cmake /home/user/ros2_ws/src/aruco_ros/aruco_ros -DCMAKE_INSTALL_PREFIX=/home/user/ros2_ws/src/aruco_ros/install/aruco_ros
[0.129s] -- The C compiler identification is GNU 11.4.0
[0.207s] -- The CXX compiler identification is GNU 11.4.0
[0.216s] -- Detecting C compiler ABI info
[0.312s] -- Detecting C compiler ABI info - done
[0.324s] -- Check for working C compiler: /usr/bin/cc - skipped
[0.325s] -- Detecting C compile features
[0.325s] -- Detecting C compile features - done
[0.328s] -- Detecting CXX compiler ABI info
[0.451s] -- Detecting CXX compiler ABI info - done
[0.470s] -- Check for working CXX compiler: /usr/bin/c++ - skipped
[0.471s] -- Detecting CXX compile features
[0.472s] -- Detecting CXX compile features - done
[0.494s] -- Found ament_cmake: 1.3.14 (/opt/ros/humble/share/ament_cmake/cmake)
[0.693s] -- Found Python3: /usr/bin/python3 (found version "3.10.12") found components: Interpreter 
[0.907s] -- Found OpenCV: /usr (found version "4.5.4") 
[0.922s] -- Found cv_bridge: 3.2.1 (/opt/ros/humble/share/cv_bridge/cmake)
[1.017s] -- Found rosidl_generator_c: 3.1.9 (/opt/ros/humble/share/rosidl_generator_c/cmake)
[1.033s] -- Found rosidl_adapter: 3.1.9 (/opt/ros/humble/share/rosidl_adapter/cmake)
[1.053s] -- Found rosidl_generator_cpp: 3.1.9 (/opt/ros/humble/share/rosidl_generator_cpp/cmake)
[1.077s] -- Using all available rosidl_typesupport_c: rosidl_typesupport_fastrtps_c;rosidl_typesupport_introspection_c
[1.110s] -- Using all available rosidl_typesupport_cpp: rosidl_typesupport_fastrtps_cpp;rosidl_typesupport_introspection_cpp
[1.211s] -- Found image_transport: 3.1.13 (/opt/ros/humble/share/image_transport/cmake)
[1.336s] -- Found rmw_implementation_cmake: 6.1.3 (/opt/ros/humble/share/rmw_implementation_cmake/cmake)
[1.346s] -- Found rmw_fastrtps_cpp: 6.2.10 (/opt/ros/humble/share/rmw_fastrtps_cpp/cmake)
[1.557s] -- Found OpenSSL: /usr/lib/x86_64-linux-gnu/libcrypto.so (found version "3.0.2")  
[1.604s] -- Found FastRTPS: /opt/ros/humble/include  
[1.688s] -- Using RMW implementation 'rmw_fastrtps_cpp' as default
[1.717s] -- Looking for pthread.h
[1.850s] -- Looking for pthread.h - found
[1.850s] -- Performing Test CMAKE_HAVE_LIBC_PTHREAD
[1.997s] -- Performing Test CMAKE_HAVE_LIBC_PTHREAD - Success
[1.999s] -- Found Threads: TRUE  
[2.144s] -- Found rclpy: 3.3.21 (/opt/ros/humble/share/rclpy/cmake)
[2.154s] -- Found tf2: 0.25.22 (/opt/ros/humble/share/tf2/cmake)
[2.165s] -- Found tf2_ros: 0.25.22 (/opt/ros/humble/share/tf2_ros/cmake)
[2.312s] -- Found tf2_geometry_msgs: 0.25.22 (/opt/ros/humble/share/tf2_geometry_msgs/cmake)
[2.354s] -- Found eigen3_cmake_module: 0.1.1 (/opt/ros/humble/share/eigen3_cmake_module/cmake)
[2.355s] -- Found Eigen3: TRUE (found version "3.4.0") 
[2.356s] -- Ensuring Eigen3 include directory is part of orocos-kdl CMake target
[2.357s] -- Found aruco: 5.0.5 (/home/user/ros2_ws/src/aruco_ros/install/aruco/share/aruco/cmake)
[2.359s] -- Found aruco_msgs: 5.0.5 (/home/user/ros2_ws/src/aruco_ros/install/aruco_msgs/share/aruco_msgs/cmake)
[2.380s] -- Found visualization_msgs: 4.9.2 (/opt/ros/humble/share/visualization_msgs/cmake)
[2.435s] -- Found ament_lint_auto: 0.12.15 (/opt/ros/humble/share/ament_lint_auto/cmake)
[2.585s] -- Added test 'cppcheck' to perform static code analysis on C / C++ code
[2.585s] -- Configured cppcheck include dirs: /home/user/ros2_ws/src/aruco_ros/aruco_ros/include
[2.585s] -- Configured cppcheck exclude dirs and/or files: 
[2.589s] -- Added test 'cpplint' to check C / C++ code against the Google style
[2.589s] -- Configured cpplint exclude dirs and/or files: 
[2.590s] -- Added test 'flake8' to check Python code syntax and style conventions
[2.591s] -- Added test 'lint_cmake' to check CMake code style
[2.593s] -- Added test 'pep257' to check Python code against some of the docstring style conventions in PEP 257
[2.596s] -- Added test 'uncrustify' to check C / C++ code style
[2.596s] -- Configured uncrustify additional arguments: 
[2.597s] -- Added test 'xmllint' to check XML markup files
[2.600s] -- Configuring done
[2.661s] -- Generating done
[2.675s] -- Build files have been written to: /home/user/ros2_ws/src/aruco_ros/build/aruco_ros
[2.687s] Invoked command in '/home/user/ros2_ws/src/aruco_ros/build/aruco_ros' returned '0': AMENT_PREFIX_PATH=/home/user/ros2_ws/src/aruco_ros/install/aruco_msgs:/home/user/ros2_ws/src/aruco_ros/install/aruco:${AMENT_PREFIX_PATH} CMAKE_PREFIX_PATH=/home/user/ros2_ws/src/aruco_ros/install/aruco_msgs:/home/user/ros2_ws/src/aruco_ros/install/aruco:/home/user/ros2_ws/install/ros2_vision:/home/user/ros2_ws/install/ros2_urdf_demo:/home/user/ros2_ws/install/ros2_sensors_and_actuators:/home/user/ros2_ws/install/ros2_package_interfaces:/home/user/ros2_ws/install/ros2_package:/home/user/ros2_ws/install/ros2_kdl_package:/home/user/ros2_ws/install/kdl_arm_dynamixel:/home/user/ros2_ws/install/kdl_arm_dynamixel_custom_interfaces:/home/user/ros2_ws/install/impedance_controller:/home/user/ros2_ws/install/iiwa_bringup:/home/user/ros2_ws/install/iiwa_description:/home/user/ros2_ws/install/external_torque_sensor_broadcaster:/home/user/ros2_ws/install/dynamixel_sdk_examples:/home/user/ros2_ws/install/dynamixel_sdk_custom_interfaces:/home/user/ros2_ws/install/dynamixel_sdk:/home/user/ros2_ws/install/aruco_ros:/home/user/ros2_ws/install/aruco_msgs:/home/user/ros2_ws/install/aruco:/home/user/ros2_ws/install/armando_gazebo:/home/user/ros2_ws/install/armando_description:/home/user/ros2_ws/install/armando_controller:/opt/ros/humble LD_LIBRARY_PATH=/home/user/ros2_ws/src/aruco_ros/install/aruco_msgs/lib:/home/user/ros2_ws/src/aruco_ros/install/aruco/lib:${LD_LIBRARY_PATH} PYTHONPATH=/home/user/ros2_ws/src/aruco_ros/install/aruco_msgs/local/lib/python3.10/dist-packages:${PYTHONPATH} /usr/bin/cmake /home/user/ros2_ws/src/aruco_ros/aruco_ros -DCMAKE_INSTALL_PREFIX=/home/user/ros2_ws/src/aruco_ros/install/aruco_ros
[2.689s] Invoking command in '/home/user/ros2_ws/src/aruco_ros/build/aruco_ros': AMENT_PREFIX_PATH=/home/user/ros2_ws/src/aruco_ros/install/aruco_msgs:/home/user/ros2_ws/src/aruco_ros/install/aruco:${AMENT_PREFIX_PATH} CMAKE_PREFIX_PATH=/home/user/ros2_ws/src/aruco_ros/install/aruco_msgs:/home/user/ros2_ws/src/aruco_ros/install/aruco:/home/user/ros2_ws/install/ros2_vision:/home/user/ros2_ws/install/ros2_urdf_demo:/home/user/ros2_ws/install/ros2_sensors_and_actuators:/home/user/ros2_ws/install/ros2_package_interfaces:/home/user/ros2_ws/install/ros2_package:/home/user/ros2_ws/install/ros2_kdl_package:/home/user/ros2_ws/install/kdl_arm_dynamixel:/home/user/ros2_ws/install/kdl_arm_dynamixel_custom_interfaces:/home/user/ros2_ws/install/impedance_controller:/home/user/ros2_ws/install/iiwa_bringup:/home/user/ros2_ws/install/iiwa_description:/home/user/ros2_ws/install/external_torque_sensor_broadcaster:/home/user/ros2_ws/install/dynamixel_sdk_examples:/home/user/ros2_ws/install/dynamixel_sdk_custom_interfaces:/home/user/ros2_ws/install/dynamixel_sdk:/home/user/ros2_ws/install/aruco_ros:/home/user/ros2_ws/install/aruco_msgs:/home/user/ros2_ws/install/aruco:/home/user/ros2_ws/install/armando_gazebo:/home/user/ros2_ws/install/armando_description:/home/user/ros2_ws/install/armando_controller:/opt/ros/humble LD_LIBRARY_PATH=/home/user/ros2_ws/src/aruco_ros/install/aruco_msgs/lib:/home/user/ros2_ws/src/aruco_ros/install/aruco/lib:${LD_LIBRARY_PATH} PYTHONPATH=/home/user/ros2_ws/src/aruco_ros/install/aruco_msgs/local/lib/python3.10/dist-packages:${PYTHONPATH} /usr/bin/cmake --build /home/user/ros2_ws/src/aruco_ros/build/aruco_ros -- -j12 -l12
[2.770s] [ 36%] [32mBuilding CXX object CMakeFiles/double.dir/src/aruco_ros_utils.cpp.o[0m
[2.770s] [ 36%] [32mBuilding CXX object CMakeFiles/marker_publisher.dir/src/marker_publish.cpp.o[0m
[2.771s] [ 36%] [32mBuilding CXX object CMakeFiles/single.dir/src/simple_single.cpp.o[0m
[2.771s] [ 36%] [32mBuilding CXX object CMakeFiles/double.dir/src/simple_double.cpp.o[0m
[2.771s] [ 45%] [32mBuilding CXX object CMakeFiles/marker_publisher.dir/src/aruco_ros_utils.cpp.o[0m
[2.771s] [ 54%] [32mBuilding CXX object CMakeFiles/aruco_ros_utils.dir/src/aruco_ros_utils.cpp.o[0m
[2.773s] [ 63%] [32mBuilding CXX object CMakeFiles/single.dir/src/aruco_ros_utils.cpp.o[0m
[5.241s] [ 72%] [32m[1mLinking CXX shared library libaruco_ros_utils.so[0m
[5.872s] [ 72%] Built target aruco_ros_utils
[13.297s] [ 81%] [32m[1mLinking CXX executable double[0m
[14.497s] [ 90%] [32m[1mLinking CXX executable single[0m
[14.637s] [100%] [32m[1mLinking CXX executable marker_publisher[0m
[14.917s] [100%] Built target double
[16.387s] [100%] Built target single
[16.468s] [100%] Built target marker_publisher
[16.487s] Invoked command in '/home/user/ros2_ws/src/aruco_ros/build/aruco_ros' returned '0': AMENT_PREFIX_PATH=/home/user/ros2_ws/src/aruco_ros/install/aruco_msgs:/home/user/ros2_ws/src/aruco_ros/install/aruco:${AMENT_PREFIX_PATH} CMAKE_PREFIX_PATH=/home/user/ros2_ws/src/aruco_ros/install/aruco_msgs:/home/user/ros2_ws/src/aruco_ros/install/aruco:/home/user/ros2_ws/install/ros2_vision:/home/user/ros2_ws/install/ros2_urdf_demo:/home/user/ros2_ws/install/ros2_sensors_and_actuators:/home/user/ros2_ws/install/ros2_package_interfaces:/home/user/ros2_ws/install/ros2_package:/home/user/ros2_ws/install/ros2_kdl_package:/home/user/ros2_ws/install/kdl_arm_dynamixel:/home/user/ros2_ws/install/kdl_arm_dynamixel_custom_interfaces:/home/user/ros2_ws/install/impedance_controller:/home/user/ros2_ws/install/iiwa_bringup:/home/user/ros2_ws/install/iiwa_description:/home/user/ros2_ws/install/external_torque_sensor_broadcaster:/home/user/ros2_ws/install/dynamixel_sdk_examples:/home/user/ros2_ws/install/dynamixel_sdk_custom_interfaces:/home/user/ros2_ws/install/dynamixel_sdk:/home/user/ros2_ws/install/aruco_ros:/home/user/ros2_ws/install/aruco_msgs:/home/user/ros2_ws/install/aruco:/home/user/ros2_ws/install/armando_gazebo:/home/user/ros2_ws/install/armando_description:/home/user/ros2_ws/install/armando_controller:/opt/ros/humble LD_LIBRARY_PATH=/home/user/ros2_ws/src/aruco_ros/install/aruco_msgs/lib:/home/user/ros2_ws/src/aruco_ros/install/aruco/lib:${LD_LIBRARY_PATH} PYTHONPATH=/home/user/ros2_ws/src/aruco_ros/install/aruco_msgs/local/lib/python3.10/dist-packages:${PYTHONPATH} /usr/bin/cmake --build /home/user/ros2_ws/src/aruco_ros/build/aruco_ros -- -j12 -l12
[16.489s] Invoking command in '/home/user/ros2_ws/src/aruco_ros/build/aruco_ros': AMENT_PREFIX_PATH=/home/user/ros2_ws/src/aruco_ros/install/aruco_msgs:/home/user/ros2_ws/src/aruco_ros/install/aruco:${AMENT_PREFIX_PATH} CMAKE_PREFIX_PATH=/home/user/ros2_ws/src/aruco_ros/install/aruco_msgs:/home/user/ros2_ws/src/aruco_ros/install/aruco:/home/user/ros2_ws/install/ros2_vision:/home/user/ros2_ws/install/ros2_urdf_demo:/home/user/ros2_ws/install/ros2_sensors_and_actuators:/home/user/ros2_ws/install/ros2_package_interfaces:/home/user/ros2_ws/install/ros2_package:/home/user/ros2_ws/install/ros2_kdl_package:/home/user/ros2_ws/install/kdl_arm_dynamixel:/home/user/ros2_ws/install/kdl_arm_dynamixel_custom_interfaces:/home/user/ros2_ws/install/impedance_controller:/home/user/ros2_ws/install/iiwa_bringup:/home/user/ros2_ws/install/iiwa_description:/home/user/ros2_ws/install/external_torque_sensor_broadcaster:/home/user/ros2_ws/install/dynamixel_sdk_examples:/home/user/ros2_ws/install/dynamixel_sdk_custom_interfaces:/home/user/ros2_ws/install/dynamixel_sdk:/home/user/ros2_ws/install/aruco_ros:/home/user/ros2_ws/install/aruco_msgs:/home/user/ros2_ws/install/aruco:/home/user/ros2_ws/install/armando_gazebo:/home/user/ros2_ws/install/armando_description:/home/user/ros2_ws/install/armando_controller:/opt/ros/humble LD_LIBRARY_PATH=/home/user/ros2_ws/src/aruco_ros/install/aruco_msgs/lib:/home/user/ros2_ws/src/aruco_ros/install/aruco/lib:${LD_LIBRARY_PATH} PYTHONPATH=/home/user/ros2_ws/src/aruco_ros/install/aruco_msgs/local/lib/python3.10/dist-packages:${PYTHONPATH} /usr/bin/cmake --install /home/user/ros2_ws/src/aruco_ros/build/aruco_ros
[16.501s] -- Install configuration: ""
[16.501s] -- Installing: /home/user/ros2_ws/src/aruco_ros/install/aruco_ros/lib/libaruco_ros_utils.so
[16.502s] -- Set runtime path of "/home/user/ros2_ws/src/aruco_ros/install/aruco_ros/lib/libaruco_ros_utils.so" to ""
[16.502s] -- Installing: /home/user/ros2_ws/src/aruco_ros/install/aruco_ros/lib/aruco_ros/marker_publisher
[16.509s] -- Set runtime path of "/home/user/ros2_ws/src/aruco_ros/install/aruco_ros/lib/aruco_ros/marker_publisher" to ""
[16.510s] -- Installing: /home/user/ros2_ws/src/aruco_ros/install/aruco_ros/lib/aruco_ros/single
[16.517s] -- Set runtime path of "/home/user/ros2_ws/src/aruco_ros/install/aruco_ros/lib/aruco_ros/single" to ""
[16.517s] -- Installing: /home/user/ros2_ws/src/aruco_ros/install/aruco_ros/lib/aruco_ros/double
[16.523s] -- Set runtime path of "/home/user/ros2_ws/src/aruco_ros/install/aruco_ros/lib/aruco_ros/double" to ""
[16.523s] -- Installing: /home/user/ros2_ws/src/aruco_ros/install/aruco_ros/include
[16.523s] -- Installing: /home/user/ros2_ws/src/aruco_ros/install/aruco_ros/include/aruco_ros
[16.523s] -- Installing: /home/user/ros2_ws/src/aruco_ros/install/aruco_ros/share/aruco_ros/etc
[16.523s] -- Installing: /home/user/ros2_ws/src/aruco_ros/install/aruco_ros/share/aruco_ros/etc/marker582_5cm_margin_2cm.jpg
[16.523s] -- Installing: /home/user/ros2_ws/src/aruco_ros/install/aruco_ros/share/aruco_ros/etc/marker_in_object.jpg
[16.524s] -- Installing: /home/user/ros2_ws/src/aruco_ros/install/aruco_ros/share/aruco_ros/etc/new_coordinates.png
[16.524s] -- Installing: /home/user/ros2_ws/src/aruco_ros/install/aruco_ros/share/aruco_ros/etc/marker26_5cm_margin_2cm.jpg
[16.524s] -- Installing: /home/user/ros2_ws/src/aruco_ros/install/aruco_ros/share/aruco_ros/etc/reem_gazebo_floating_marker.png
[16.524s] -- Installing: /home/user/ros2_ws/src/aruco_ros/install/aruco_ros/share/aruco_ros/etc/marker26_5cm_margin_1cm.jpg
[16.524s] -- Installing: /home/user/ros2_ws/src/aruco_ros/install/aruco_ros/share/aruco_ros/etc/marker26_5cm.jpg
[16.525s] -- Installing: /home/user/ros2_ws/src/aruco_ros/install/aruco_ros/share/aruco_ros/etc/reem_gazebo_floating_marker_world.png
[16.525s] -- Installing: /home/user/ros2_ws/src/aruco_ros/install/aruco_ros/share/aruco_ros/etc/marker582_5cm.jpg
[16.525s] -- Installing: /home/user/ros2_ws/src/aruco_ros/install/aruco_ros/share/aruco_ros/etc/marker_in_hand.jpg
[16.525s] -- Installing: /home/user/ros2_ws/src/aruco_ros/install/aruco_ros/share/aruco_ros/launch
[16.525s] -- Installing: /home/user/ros2_ws/src/aruco_ros/install/aruco_ros/share/aruco_ros/launch/double.launch.py
[16.525s] -- Installing: /home/user/ros2_ws/src/aruco_ros/install/aruco_ros/share/aruco_ros/launch/single.launch.py
[16.526s] -- Installing: /home/user/ros2_ws/src/aruco_ros/install/aruco_ros/share/aruco_ros/launch/marker_publisher.launch.py
[16.526s] -- Installing: /home/user/ros2_ws/src/aruco_ros/install/aruco_ros/share/ament_index/resource_index/package_run_dependencies/aruco_ros
[16.526s] -- Installing: /home/user/ros2_ws/src/aruco_ros/install/aruco_ros/share/ament_index/resource_index/parent_prefix_path/aruco_ros
[16.526s] -- Installing: /home/user/ros2_ws/src/aruco_ros/install/aruco_ros/share/aruco_ros/environment/ament_prefix_path.sh
[16.527s] -- Installing: /home/user/ros2_ws/src/aruco_ros/install/aruco_ros/share/aruco_ros/environment/ament_prefix_path.dsv
[16.527s] -- Installing: /home/user/ros2_ws/src/aruco_ros/install/aruco_ros/share/aruco_ros/environment/path.sh
[16.527s] -- Installing: /home/user/ros2_ws/src/aruco_ros/install/aruco_ros/share/aruco_ros/environment/path.dsv
[16.527s] -- Installing: /home/user/ros2_ws/src/aruco_ros/install/aruco_ros/share/aruco_ros/local_setup.bash
[16.527s] -- Installing: /home/user/ros2_ws/src/aruco_ros/install/aruco_ros/share/aruco_ros/local_setup.sh
[16.528s] -- Installing: /home/user/ros2_ws/src/aruco_ros/install/aruco_ros/share/aruco_ros/local_setup.zsh
[16.528s] -- Installing: /home/user/ros2_ws/src/aruco_ros/install/aruco_ros/share/aruco_ros/local_setup.dsv
[16.528s] -- Installing: /home/user/ros2_ws/src/aruco_ros/install/aruco_ros/share/aruco_ros/package.dsv
[16.528s] -- Installing: /home/user/ros2_ws/src/aruco_ros/install/aruco_ros/share/ament_index/resource_index/packages/aruco_ros
[16.528s] -- Installing: /home/user/ros2_ws/src/aruco_ros/install/aruco_ros/share/aruco_ros/cmake/aruco_rosConfig.cmake
[16.529s] -- Installing: /home/user/ros2_ws/src/aruco_ros/install/aruco_ros/share/aruco_ros/cmake/aruco_rosConfig-version.cmake
[16.529s] -- Installing: /home/user/ros2_ws/src/aruco_ros/install/aruco_ros/share/aruco_ros/package.xml
[16.532s] Invoked command in '/home/user/ros2_ws/src/aruco_ros/build/aruco_ros' returned '0': AMENT_PREFIX_PATH=/home/user/ros2_ws/src/aruco_ros/install/aruco_msgs:/home/user/ros2_ws/src/aruco_ros/install/aruco:${AMENT_PREFIX_PATH} CMAKE_PREFIX_PATH=/home/user/ros2_ws/src/aruco_ros/install/aruco_msgs:/home/user/ros2_ws/src/aruco_ros/install/aruco:/home/user/ros2_ws/install/ros2_vision:/home/user/ros2_ws/install/ros2_urdf_demo:/home/user/ros2_ws/install/ros2_sensors_and_actuators:/home/user/ros2_ws/install/ros2_package_interfaces:/home/user/ros2_ws/install/ros2_package:/home/user/ros2_ws/install/ros2_kdl_package:/home/user/ros2_ws/install/kdl_arm_dynamixel:/home/user/ros2_ws/install/kdl_arm_dynamixel_custom_interfaces:/home/user/ros2_ws/install/impedance_controller:/home/user/ros2_ws/install/iiwa_bringup:/home/user/ros2_ws/install/iiwa_description:/home/user/ros2_ws/install/external_torque_sensor_broadcaster:/home/user/ros2_ws/install/dynamixel_sdk_examples:/home/user/ros2_ws/install/dynamixel_sdk_custom_interfaces:/home/user/ros2_ws/install/dynamixel_sdk:/home/user/ros2_ws/install/aruco_ros:/home/user/ros2_ws/install/aruco_msgs:/home/user/ros2_ws/install/aruco:/home/user/ros2_ws/install/armando_gazebo:/home/user/ros2_ws/install/armando_description:/home/user/ros2_ws/install/armando_controller:/opt/ros/humble LD_LIBRARY_PATH=/home/user/ros2_ws/src/aruco_ros/install/aruco_msgs/lib:/home/user/ros2_ws/src/aruco_ros/install/aruco/lib:${LD_LIBRARY_PATH} PYTHONPATH=/home/user/ros2_ws/src/aruco_ros/install/aruco_msgs/local/lib/python3.10/dist-packages:${PYTHONPATH} /usr/bin/cmake --install /home/user/ros2_ws/src/aruco_ros/build/aruco_ros
